// Jest Snapshot v1, https://goo.gl/fbAQLP

exports[`__tests__/driver.test.ts driver 事件流 1`] = `
Array [
  "DriverStageChangeEvent-init->running",
  "TaskStageChangeEvent-BaseTask-1-init->running",
  "YieldEvent-1.1",
  "YieldEvent-1.2",
  "TaskStageChangeEvent-BaseTask-1-running->done",
  "TaskStageChangeEvent-BaseTask-2-init->running",
  "YieldEvent-2.1",
  "YieldEvent-2.2",
  "TaskStageChangeEvent-BaseTask-2-running->dropped",
  "DriverStageChangeEvent-running->done",
]
`;
