// Jest Snapshot v1, https://goo.gl/fbAQLP

exports[`__tests__/driver.test.ts driver 事件流 1`] = `
Array [
  "StartEvent",
  "YieldEvent-1.1",
  "YieldEvent-1.2",
  "DoneEvent-1.3-null",
  "YieldEvent-2.1",
  "YieldEvent-2.2",
  "DropEvent-BaseTask-2",
  "EmptyEvent",
  "DropEvent-",
  "StopEvent",
]
`;
